// Jest Snapshot v1, https://goo.gl/fbAQLP

exports[`Field component should not render layout component if no layout is passed 1`] = `
<div
  className="field"
>
  <DragLayer(PositionLayer) />
</div>
`;

exports[`Field component should render the component properly 1`] = `
<div
  className="field"
>
  <DropTarget(Layout)
    config={
      Array [
        Object {
          "x": 10,
          "y": 10,
        },
        Object {
          "x": 10,
          "y": 20,
        },
        Object {
          "x": 10,
          "y": 30,
        },
      ]
    }
    playersPositions={
      Object {
        "1": 1,
      }
    }
    switchPosition={[Function]}
    updatePosition={[Function]}
  />
  <DragLayer(PositionLayer) />
</div>
`;
