// Jest Snapshot v1, https://goo.gl/fbAQLP

exports[`Layout component should render the component properly 1`] = `
<div
  className="layout"
>
  <DropTarget(DragSource(Position))
    id={0}
    onDropped={[Function]}
    x={10}
    y={10}
  >
    <Player
      className=""
    />
  </DropTarget(DragSource(Position))>
  <DropTarget(DragSource(Position))
    id={1}
    onDropped={[Function]}
    x={10}
    y={20}
  >
    <Player
      className=""
    />
  </DropTarget(DragSource(Position))>
  <DropTarget(DragSource(Position))
    id={2}
    onDropped={[Function]}
    x={10}
    y={30}
  >
    <Player
      className=""
    />
  </DropTarget(DragSource(Position))>
</div>
`;
