// Jest Snapshot v1, https://goo.gl/fbAQLP

exports[`NewPlayerForm component should render the component properly 1`] = `
<form
  className="form-horizontal"
  onSubmit={[Function]}
>
  <SettingField
    title="Name"
  >
    <Field
      autoFocus={true}
      component="input"
      name="name"
      normalize={[Function]}
      placeholder="Francesco Totti"
      type="text"
      validate={[Function]}
    />
  </SettingField>
  <SettingField
    title="Number"
  >
    <Field
      component="input"
      name="number"
      normalize={[Function]}
      placeholder="10"
      type="number"
      validate={[Function]}
    />
  </SettingField>
  <SettingField>
    <button
      className="primary-button save-button button"
      type="submit"
    >
      Add to the team
    </button>
  </SettingField>
</form>
`;
